Running main() from /home/cjxu/npp/third_party/googletest/googletest/src/gtest_main.cc
[==========] Running 249 tests from 51 test suites.
[----------] Global test environment set-up.
[----------] 12 tests from NppCoreFunctionalTest
[ RUN      ] NppCoreFunctionalTest.GetLibraryVersion
NPP Library Version: 12.3.3
[       OK ] NppCoreFunctionalTest.GetLibraryVersion (212 ms)
[ RUN      ] NppCoreFunctionalTest.GetGpuProperties
GPU Name: NVIDIA GeForce RTX 4060 Laptop GPU
Number of SMs: 24
Max Threads per SM: 1536
Max Threads per Block: 1024
[       OK ] NppCoreFunctionalTest.GetGpuProperties (0 ms)
[ RUN      ] NppCoreFunctionalTest.StreamContext_DefaultContext
Default Stream Context:
  Device ID: 0
  SM Count: 24
  Max Threads/SM: 1536
  Max Threads/Block: 1024
  Shared Mem/Block: 49152 bytes
[       OK ] NppCoreFunctionalTest.StreamContext_DefaultContext (0 ms)
[ RUN      ] NppCoreFunctionalTest.StreamContext_CustomStream
[       OK ] NppCoreFunctionalTest.StreamContext_CustomStream (0 ms)
[ RUN      ] NppCoreFunctionalTest.StreamContext_GetStream
[       OK ] NppCoreFunctionalTest.StreamContext_GetStream (0 ms)
[ RUN      ] NppCoreFunctionalTest.Memory_BasicAllocation
[       OK ] NppCoreFunctionalTest.Memory_BasicAllocation (4 ms)
[ RUN      ] NppCoreFunctionalTest.Memory_AllocationStep
Memory allocation steps for 100x50:
  8u step: 512 bytes
  16u step: 512 bytes
  32f step: 512 bytes
[       OK ] NppCoreFunctionalTest.Memory_AllocationStep (1 ms)
[ RUN      ] NppCoreFunctionalTest.Memory_AllocationLimits
Successfully allocated large memory: 4096x4096 32f, step=16896
[       OK ] NppCoreFunctionalTest.Memory_AllocationLimits (3 ms)
[ RUN      ] NppCoreFunctionalTest.ErrorHandling_StatusCodes
[       OK ] NppCoreFunctionalTest.ErrorHandling_StatusCodes (0 ms)
[ RUN      ] NppCoreFunctionalTest.ErrorHandling_NullPointerDetection
[       OK ] NppCoreFunctionalTest.ErrorHandling_NullPointerDetection (0 ms)
[ RUN      ] NppCoreFunctionalTest.ComputeCapability_Detection
Compute Capability: 8.9
GPU: NVIDIA GeForce RTX 4060 Laptop GPU
Global Memory: 8187 MB
Shared Memory per Block: 49152 bytes
Max Threads per Block: 1024
Multiprocessor Count: 24
[       OK ] NppCoreFunctionalTest.ComputeCapability_Detection (0 ms)
[ RUN      ] NppCoreFunctionalTest.Integration_CompleteWorkflow
Complete workflow test passed
[       OK ] NppCoreFunctionalTest.Integration_CompleteWorkflow (2 ms)
[----------] 12 tests from NppCoreFunctionalTest (223 ms total)

[----------] 4 tests from AbsFunctionalTest
[ RUN      ] AbsFunctionalTest.Abs_32f_C1R_BasicOperation
[       OK ] AbsFunctionalTest.Abs_32f_C1R_BasicOperation (5 ms)
[ RUN      ] AbsFunctionalTest.Abs_32f_C1IR_InPlaceOperation
[       OK ] AbsFunctionalTest.Abs_32f_C1IR_InPlaceOperation (0 ms)
[ RUN      ] AbsFunctionalTest.Abs_ErrorHandling_NullPointer
[       OK ] AbsFunctionalTest.Abs_ErrorHandling_NullPointer (0 ms)
[ RUN      ] AbsFunctionalTest.Abs_ErrorHandling_InvalidROI
/home/cjxu/npp/test/unit/nppi/arithmetic_operations/test_nppi_abs.cpp:141: Failure
Expected equality of these values:
  status
    Which is: 0
  NPP_SIZE_ERROR
    Which is: -6
Should detect invalid ROI size

[  FAILED  ] AbsFunctionalTest.Abs_ErrorHandling_InvalidROI (0 ms)
[----------] 4 tests from AbsFunctionalTest (7 ms total)

[----------] 10 tests from AddFunctionalTest
[ RUN      ] AddFunctionalTest.Add_8u_C1RSfs_BasicOperation
[       OK ] AddFunctionalTest.Add_8u_C1RSfs_BasicOperation (14 ms)
[ RUN      ] AddFunctionalTest.Add_8u_C1RSfs_WithScaling
[       OK ] AddFunctionalTest.Add_8u_C1RSfs_WithScaling (1 ms)
[ RUN      ] AddFunctionalTest.Add_8u_C1RSfs_SaturationHandling
[       OK ] AddFunctionalTest.Add_8u_C1RSfs_SaturationHandling (1 ms)
[ RUN      ] AddFunctionalTest.Add_32f_C1R_BasicOperation
[       OK ] AddFunctionalTest.Add_32f_C1R_BasicOperation (5 ms)
[ RUN      ] AddFunctionalTest.Add_32f_C1R_RandomData
[       OK ] AddFunctionalTest.Add_32f_C1R_RandomData (2 ms)
[ RUN      ] AddFunctionalTest.Add_32f_C1IR_InPlaceOperation
[       OK ] AddFunctionalTest.Add_32f_C1IR_InPlaceOperation (2 ms)
[ RUN      ] AddFunctionalTest.Add_ErrorHandling_NullPointer
[       OK ] AddFunctionalTest.Add_ErrorHandling_NullPointer (1 ms)
[ RUN      ] AddFunctionalTest.Add_ErrorHandling_InvalidROI
/home/cjxu/npp/test/unit/nppi/arithmetic_operations/test_nppi_add.cpp:316: Failure
Expected equality of these values:
  status
    Which is: 0
  NPP_SIZE_ERROR
    Which is: -6
Should detect invalid ROI size

[  FAILED  ] AddFunctionalTest.Add_ErrorHandling_InvalidROI (1 ms)
[ RUN      ] AddFunctionalTest.Add_BoundaryConditions_SmallImage
[       OK ] AddFunctionalTest.Add_BoundaryConditions_SmallImage (1 ms)
[ RUN      ] AddFunctionalTest.Add_BoundaryConditions_LargeImage
[       OK ] AddFunctionalTest.Add_BoundaryConditions_LargeImage (31 ms)
[----------] 10 tests from AddFunctionalTest (63 ms total)

[----------] 2 tests from AddcFunctionalTest
[ RUN      ] AddcFunctionalTest.AddC_8u_C1RSfs_BasicOperation
[       OK ] AddcFunctionalTest.AddC_8u_C1RSfs_BasicOperation (3 ms)
[ RUN      ] AddcFunctionalTest.AddC_32f_C1R_BasicOperation
[       OK ] AddcFunctionalTest.AddC_32f_C1R_BasicOperation (1 ms)
[----------] 2 tests from AddcFunctionalTest (5 ms total)

[----------] 2 tests from DivFunctionalTest
[ RUN      ] DivFunctionalTest.Div_8u_C1RSfs_BasicOperation
/home/cjxu/npp/test/unit/nppi/arithmetic_operations/test_nppi_div.cpp:53: Failure
Value of: ResultValidator::arraysEqual(resultData, expectedData)
  Actual: false
Expected: true
Div operation produced incorrect results

[  FAILED  ] DivFunctionalTest.Div_8u_C1RSfs_BasicOperation (1 ms)
[ RUN      ] DivFunctionalTest.Div_32f_C1R_BasicOperation
/home/cjxu/npp/test/unit/nppi/arithmetic_operations/test_nppi_div.cpp:88: Failure
Value of: ResultValidator::arraysEqual(resultData, expectedData, 1e-5f)
  Actual: false
Expected: true
Div 32f operation produced incorrect results

[  FAILED  ] DivFunctionalTest.Div_32f_C1R_BasicOperation (1 ms)
[----------] 2 tests from DivFunctionalTest (2 ms total)

[----------] 2 tests from MulFunctionalTest
[ RUN      ] MulFunctionalTest.Mul_8u_C1RSfs_BasicOperation
[       OK ] MulFunctionalTest.Mul_8u_C1RSfs_BasicOperation (0 ms)
[ RUN      ] MulFunctionalTest.Mul_32f_C1R_BasicOperation
[       OK ] MulFunctionalTest.Mul_32f_C1R_BasicOperation (1 ms)
[----------] 2 tests from MulFunctionalTest (2 ms total)

[----------] 2 tests from SubFunctionalTest
[ RUN      ] SubFunctionalTest.Sub_8u_C1RSfs_BasicOperation
/home/cjxu/npp/test/unit/nppi/arithmetic_operations/test_nppi_sub.cpp:53: Failure
Value of: ResultValidator::arraysEqual(resultData, expectedData)
  Actual: false
Expected: true
Sub operation produced incorrect results

[  FAILED  ] SubFunctionalTest.Sub_8u_C1RSfs_BasicOperation (2 ms)
[ RUN      ] SubFunctionalTest.Sub_32f_C1R_BasicOperation
/home/cjxu/npp/test/unit/nppi/arithmetic_operations/test_nppi_sub.cpp:88: Failure
Value of: ResultValidator::arraysEqual(resultData, expectedData, 1e-5f)
  Actual: false
Expected: true
Sub 32f operation produced incorrect results

[  FAILED  ] SubFunctionalTest.Sub_32f_C1R_BasicOperation (1 ms)
[----------] 2 tests from SubFunctionalTest (3 ms total)

[----------] 12 tests from TransposeFunctionalTest
[ RUN      ] TransposeFunctionalTest.Transpose_8u_C1R_BasicSquareMatrix
Original 4x4 matrix:
  1   2   3   4 
  5   6   7   8 
  9  10  11  12 
 13  14  15  16 
Transposed 4x4 matrix:
  1   5   9  13 
  2   6  10  14 
  3   7  11  15 
  4   8  12  16 
[       OK ] TransposeFunctionalTest.Transpose_8u_C1R_BasicSquareMatrix (3 ms)
[ RUN      ] TransposeFunctionalTest.Transpose_32f_C1R_BasicSquareMatrix
[       OK ] TransposeFunctionalTest.Transpose_32f_C1R_BasicSquareMatrix (1 ms)
[ RUN      ] TransposeFunctionalTest.Transpose_8u_C1R_RectangularMatrix
Original 6x4 matrix:
  1   2   3   4   5   6 
  7   8   9  10  11  12 
 13  14  15  16  17  18 
 19  20  21  22  23  24 
Transposed 4x6 matrix:
  1   7  13  19 
  2   8  14  20 
  3   9  15  21 
  4  10  16  22 
  5  11  17  23 
  6  12  18  24 
[       OK ] TransposeFunctionalTest.Transpose_8u_C1R_RectangularMatrix (1 ms)
[ RUN      ] TransposeFunctionalTest.Transpose_32f_C1R_LargeMatrix
Large matrix transpose (128x64) completed successfully
[       OK ] TransposeFunctionalTest.Transpose_32f_C1R_LargeMatrix (1 ms)
[ RUN      ] TransposeFunctionalTest.Transpose_8u_C1R_SinglePixel
[       OK ] TransposeFunctionalTest.Transpose_8u_C1R_SinglePixel (1 ms)
[ RUN      ] TransposeFunctionalTest.Transpose_32f_C1R_SingleRow
[       OK ] TransposeFunctionalTest.Transpose_32f_C1R_SingleRow (0 ms)
[ RUN      ] TransposeFunctionalTest.Transpose_32f_C1R_SingleColumn
[       OK ] TransposeFunctionalTest.Transpose_32f_C1R_SingleColumn (0 ms)
[ RUN      ] TransposeFunctionalTest.Transpose_8u_C1R_DoubleTranspose
[       OK ] TransposeFunctionalTest.Transpose_8u_C1R_DoubleTranspose (1 ms)
[ RUN      ] TransposeFunctionalTest.Transpose_16u_C1R_DataTypeTest
[       OK ] TransposeFunctionalTest.Transpose_16u_C1R_DataTypeTest (1 ms)
[ RUN      ] TransposeFunctionalTest.ErrorHandling_NullPointer
[       OK ] TransposeFunctionalTest.ErrorHandling_NullPointer (0 ms)
[ RUN      ] TransposeFunctionalTest.ErrorHandling_InvalidROI
/home/cjxu/npp/test/unit/nppi/data_exchange_operations/test_nppi_transpose.cpp:421: Failure
Expected equality of these values:
  status
    Which is: 0
  NPP_SIZE_ERROR
    Which is: -6
Should detect invalid ROI width

[  FAILED  ] TransposeFunctionalTest.ErrorHandling_InvalidROI (0 ms)
[ RUN      ] TransposeFunctionalTest.Performance_VariousSizes
Small 32x32 transpose completed successfully
Medium 128x128 transpose completed successfully
Large 256x256 transpose completed successfully
Rectangular 512x1024 transpose completed successfully
[       OK ] TransposeFunctionalTest.Performance_VariousSizes (9 ms)
[----------] 12 tests from TransposeFunctionalTest (25 ms total)

[----------] 2 tests from MagnitudeFunctionalTest
[ RUN      ] MagnitudeFunctionalTest.Magnitude_32fc_32f_C1R_BasicOperation
[       OK ] MagnitudeFunctionalTest.Magnitude_32fc_32f_C1R_BasicOperation (1 ms)
[ RUN      ] MagnitudeFunctionalTest.Magnitude_ErrorHandling
[       OK ] MagnitudeFunctionalTest.Magnitude_ErrorHandling (0 ms)
[----------] 2 tests from MagnitudeFunctionalTest (2 ms total)

[----------] 5 tests from NPPIAbsDiffTest
[ RUN      ] NPPIAbsDiffTest.AbsDiff_8u_C1R
[       OK ] NPPIAbsDiffTest.AbsDiff_8u_C1R (2 ms)
[ RUN      ] NPPIAbsDiffTest.AbsDiff_8u_C3R
[       OK ] NPPIAbsDiffTest.AbsDiff_8u_C3R (1 ms)
[ RUN      ] NPPIAbsDiffTest.AbsDiff_32f_C1R
[       OK ] NPPIAbsDiffTest.AbsDiff_32f_C1R (1 ms)
[ RUN      ] NPPIAbsDiffTest.AbsDiff_8u_C1R_Ctx
[       OK ] NPPIAbsDiffTest.AbsDiff_8u_C1R_Ctx (0 ms)
[ RUN      ] NPPIAbsDiffTest.ErrorHandling
[       OK ] NPPIAbsDiffTest.ErrorHandling (0 ms)
[----------] 5 tests from NPPIAbsDiffTest (5 ms total)

[----------] 8 tests from NPPICompareCTest
[ RUN      ] NPPICompareCTest.CompareC_8u_C1R_Less
[       OK ] NPPICompareCTest.CompareC_8u_C1R_Less (9 ms)
[ RUN      ] NPPICompareCTest.CompareC_8u_C1R_Equal
[       OK ] NPPICompareCTest.CompareC_8u_C1R_Equal (0 ms)
[ RUN      ] NPPICompareCTest.CompareC_8u_C1R_Greater
[       OK ] NPPICompareCTest.CompareC_8u_C1R_Greater (0 ms)
[ RUN      ] NPPICompareCTest.CompareC_16s_C1R
[       OK ] NPPICompareCTest.CompareC_16s_C1R (0 ms)
[ RUN      ] NPPICompareCTest.CompareC_32f_C1R
[       OK ] NPPICompareCTest.CompareC_32f_C1R (1 ms)
[ RUN      ] NPPICompareCTest.CompareC_8u_C1R_Ctx
[       OK ] NPPICompareCTest.CompareC_8u_C1R_Ctx (1 ms)
[ RUN      ] NPPICompareCTest.CompareC_AllOperations
[       OK ] NPPICompareCTest.CompareC_AllOperations (1 ms)
[ RUN      ] NPPICompareCTest.ErrorHandling
/home/cjxu/npp/test/unit/nppi/nppi_arithmetic_operations/test_nppi_comparec.cpp:349: Failure
Expected: (status) != (NPP_SUCCESS), actual: 0 vs 0

[  FAILED  ] NPPICompareCTest.ErrorHandling (0 ms)
[----------] 8 tests from NPPICompareCTest (16 ms total)

[----------] 8 tests from ExpFunctionalTest
[ RUN      ] ExpFunctionalTest.Exp_8u_C1RSfs_BasicOperation
[       OK ] ExpFunctionalTest.Exp_8u_C1RSfs_BasicOperation (2 ms)
[ RUN      ] ExpFunctionalTest.Exp_32f_C1R_BasicOperation
[       OK ] ExpFunctionalTest.Exp_32f_C1R_BasicOperation (1 ms)
[ RUN      ] ExpFunctionalTest.Exp_16s_C1RSfs_BasicOperation
/home/cjxu/npp/test/unit/nppi/nppi_arithmetic_operations/test_nppi_exp.cpp:187: Failure
Expected: (diff) <= (5), actual: 6 vs 5
Mismatch at pixel 12: got 7, expected approximately 1, src=2

/home/cjxu/npp/test/unit/nppi/nppi_arithmetic_operations/test_nppi_exp.cpp:187: Failure
Expected: (diff) <= (5), actual: 19 vs 5
Mismatch at pixel 13: got 20, expected approximately 1, src=3

/home/cjxu/npp/test/unit/nppi/nppi_arithmetic_operations/test_nppi_exp.cpp:187: Failure
Expected: (diff) <= (5), actual: 54 vs 5
Mismatch at pixel 14: got 55, expected approximately 1, src=4

/home/cjxu/npp/test/unit/nppi/nppi_arithmetic_operations/test_nppi_exp.cpp:187: Failure
Expected: (diff) <= (5), actual: 147 vs 5
Mismatch at pixel 15: got 148, expected approximately 1, src=5

/home/cjxu/npp/test/unit/nppi/nppi_arithmetic_operations/test_nppi_exp.cpp:187: Failure
Expected: (diff) <= (5), actual: 402 vs 5
Mismatch at pixel 16: got 403, expected approximately 1, src=6

/home/cjxu/npp/test/unit/nppi/nppi_arithmetic_operations/test_nppi_exp.cpp:187: Failure
Expected: (diff) <= (5), actual: 1096 vs 5
Mismatch at pixel 17: got 1097, expected approximately 1, src=7

/home/cjxu/npp/test/unit/nppi/nppi_arithmetic_operations/test_nppi_exp.cpp:187: Failure
Expected: (diff) <= (5), actual: 2980 vs 5
Mismatch at pixel 18: got 2981, expected approximately 1, src=8

/home/cjxu/npp/test/unit/nppi/nppi_arithmetic_operations/test_nppi_exp.cpp:187: Failure
Expected: (diff) <= (5), actual: 8102 vs 5
Mismatch at pixel 19: got 8103, expected approximately 1, src=9

/home/cjxu/npp/test/unit/nppi/nppi_arithmetic_operations/test_nppi_exp.cpp:187: Failure
Expected: (diff) <= (5), actual: 22025 vs 5
Mismatch at pixel 20: got 22026, expected approximately 1, src=10

/home/cjxu/npp/test/unit/nppi/nppi_arithmetic_operations/test_nppi_exp.cpp:187: Failure
Expected: (diff) <= (5), actual: 6 vs 5
Mismatch at pixel 33: got 7, expected approximately 1, src=2

/home/cjxu/npp/test/unit/nppi/nppi_arithmetic_operations/test_nppi_exp.cpp:187: Failure
Expected: (diff) <= (5), actual: 19 vs 5
Mismatch at pixel 34: got 20, expected approximately 1, src=3

/home/cjxu/npp/test/unit/nppi/nppi_arithmetic_operations/test_nppi_exp.cpp:187: Failure
Expected: (diff) <= (5), actual: 54 vs 5
Mismatch at pixel 35: got 55, expected approximately 1, src=4

/home/cjxu/npp/test/unit/nppi/nppi_arithmetic_operations/test_nppi_exp.cpp:187: Failure
Expected: (diff) <= (5), actual: 147 vs 5
Mismatch at pixel 36: got 148, expected approximately 1, src=5

/home/cjxu/npp/test/unit/nppi/nppi_arithmetic_operations/test_nppi_exp.cpp:187: Failure
Expected: (diff) <= (5), actual: 402 vs 5
Mismatch at pixel 37: got 403, expected approximately 1, src=6

/home/cjxu/npp/test/unit/nppi/nppi_arithmetic_operations/test_nppi_exp.cpp:187: Failure
Expected: (diff) <= (5), actual: 1096 vs 5
Mismatch at pixel 38: got 1097, expected approximately 1, src=7

/home/cjxu/npp/test/unit/nppi/nppi_arithmetic_operations/test_nppi_exp.cpp:187: Failure
Expected: (diff) <= (5), actual: 2980 vs 5
Mismatch at pixel 39: got 2981, expected approximately 1, src=8

/home/cjxu/npp/test/unit/nppi/nppi_arithmetic_operations/test_nppi_exp.cpp:187: Failure
Expected: (diff) <= (5), actual: 8102 vs 5
Mismatch at pixel 40: got 8103, expected approximately 1, src=9

/home/cjxu/npp/test/unit/nppi/nppi_arithmetic_operations/test_nppi_exp.cpp:187: Failure
Expected: (diff) <= (5), actual: 22025 vs 5
Mismatch at pixel 41: got 22026, expected approximately 1, src=10

/home/cjxu/npp/test/unit/nppi/nppi_arithmetic_operations/test_nppi_exp.cpp:187: Failure
Expected: (diff) <= (5), actual: 6 vs 5
Mismatch at pixel 54: got 7, expected approximately 1, src=2

/home/cjxu/npp/test/unit/nppi/nppi_arithmetic_operations/test_nppi_exp.cpp:187: Failure
Expected: (diff) <= (5), actual: 19 vs 5
Mismatch at pixel 55: got 20, expected approximately 1, src=3

/home/cjxu/npp/test/unit/nppi/nppi_arithmetic_operations/test_nppi_exp.cpp:187: Failure
Expected: (diff) <= (5), actual: 54 vs 5
Mismatch at pixel 56: got 55, expected approximately 1, src=4

/home/cjxu/npp/test/unit/nppi/nppi_arithmetic_operations/test_nppi_exp.cpp:187: Failure
Expected: (diff) <= (5), actual: 147 vs 5
Mismatch at pixel 57: got 148, expected approximately 1, src=5

/home/cjxu/npp/test/unit/nppi/nppi_arithmetic_operations/test_nppi_exp.cpp:187: Failure
Expected: (diff) <= (5), actual: 402 vs 5
Mismatch at pixel 58: got 403, expected approximately 1, src=6

/home/cjxu/npp/test/unit/nppi/nppi_arithmetic_operations/test_nppi_exp.cpp:187: Failure
Expected: (diff) <= (5), actual: 1096 vs 5
Mismatch at pixel 59: got 1097, expected approximately 1, src=7

/home/cjxu/npp/test/unit/nppi/nppi_arithmetic_operations/test_nppi_exp.cpp:187: Failure
Expected: (diff) <= (5), actual: 2980 vs 5
Mismatch at pixel 60: got 2981, expected approximately 1, src=8

/home/cjxu/npp/test/unit/nppi/nppi_arithmetic_operations/test_nppi_exp.cpp:187: Failure
Expected: (diff) <= (5), actual: 8102 vs 5
Mismatch at pixel 61: got 8103, expected approximately 1, src=9

/home/cjxu/npp/test/unit/nppi/nppi_arithmetic_operations/test_nppi_exp.cpp:187: Failure
Expected: (diff) <= (5), actual: 22025 vs 5
Mismatch at pixel 62: got 22026, expected approximately 1, src=10

/home/cjxu/npp/test/unit/nppi/nppi_arithmetic_operations/test_nppi_exp.cpp:187: Failure
Expected: (diff) <= (5), actual: 6 vs 5
Mismatch at pixel 75: got 7, expected approximately 1, src=2

/home/cjxu/npp/test/unit/nppi/nppi_arithmetic_operations/test_nppi_exp.cpp:187: Failure
Expected: (diff) <= (5), actual: 19 vs 5
Mismatch at pixel 76: got 20, expected approximately 1, src=3

/home/cjxu/npp/test/unit/nppi/nppi_arithmetic_operations/test_nppi_exp.cpp:187: Failure
Expected: (diff) <= (5), actual: 54 vs 5
Mismatch at pixel 77: got 55, expected approximately 1, src=4

/home/cjxu/npp/test/unit/nppi/nppi_arithmetic_operations/test_nppi_exp.cpp:187: Failure
Expected: (diff) <= (5), actual: 147 vs 5
Mismatch at pixel 78: got 148, expected approximately 1, src=5

/home/cjxu/npp/test/unit/nppi/nppi_arithmetic_operations/test_nppi_exp.cpp:187: Failure
Expected: (diff) <= (5), actual: 402 vs 5
Mismatch at pixel 79: got 403, expected approximately 1, src=6

/home/cjxu/npp/test/unit/nppi/nppi_arithmetic_operations/test_nppi_exp.cpp:187: Failure
Expected: (diff) <= (5), actual: 1096 vs 5
Mismatch at pixel 80: got 1097, expected approximately 1, src=7

/home/cjxu/npp/test/unit/nppi/nppi_arithmetic_operations/test_nppi_exp.cpp:187: Failure
Expected: (diff) <= (5), actual: 2980 vs 5
Mismatch at pixel 81: got 2981, expected approximately 1, src=8

/home/cjxu/npp/test/unit/nppi/nppi_arithmetic_operations/test_nppi_exp.cpp:187: Failure
Expected: (diff) <= (5), actual: 8102 vs 5
Mismatch at pixel 82: got 8103, expected approximately 1, src=9

/home/cjxu/npp/test/unit/nppi/nppi_arithmetic_operations/test_nppi_exp.cpp:187: Failure
Expected: (diff) <= (5), actual: 22025 vs 5
Mismatch at pixel 83: got 22026, expected approximately 1, src=10

/home/cjxu/npp/test/unit/nppi/nppi_arithmetic_operations/test_nppi_exp.cpp:187: Failure
Expected: (diff) <= (5), actual: 6 vs 5
Mismatch at pixel 96: got 7, expected approximately 1, src=2

/home/cjxu/npp/test/unit/nppi/nppi_arithmetic_operations/test_nppi_exp.cpp:187: Failure
Expected: (diff) <= (5), actual: 19 vs 5
Mismatch at pixel 97: got 20, expected approximately 1, src=3

/home/cjxu/npp/test/unit/nppi/nppi_arithmetic_operations/test_nppi_exp.cpp:187: Failure
Expected: (diff) <= (5), actual: 54 vs 5
Mismatch at pixel 98: got 55, expected approximately 1, src=4

/home/cjxu/npp/test/unit/nppi/nppi_arithmetic_operations/test_nppi_exp.cpp:187: Failure
Expected: (diff) <= (5), actual: 147 vs 5
Mismatch at pixel 99: got 148, expected approximately 1, src=5

/home/cjxu/npp/test/unit/nppi/nppi_arithmetic_operations/test_nppi_exp.cpp:187: Failure
Expected: (diff) <= (5), actual: 402 vs 5
Mismatch at pixel 100: got 403, expected approximately 1, src=6

/home/cjxu/npp/test/unit/nppi/nppi_arithmetic_operations/test_nppi_exp.cpp:187: Failure
Expected: (diff) <= (5), actual: 1096 vs 5
Mismatch at pixel 101: got 1097, expected approximately 1, src=7

/home/cjxu/npp/test/unit/nppi/nppi_arithmetic_operations/test_nppi_exp.cpp:187: Failure
Expected: (diff) <= (5), actual: 2980 vs 5
Mismatch at pixel 102: got 2981, expected approximately 1, src=8

/home/cjxu/npp/test/unit/nppi/nppi_arithmetic_operations/test_nppi_exp.cpp:187: Failure
Expected: (diff) <= (5), actual: 8102 vs 5
Mismatch at pixel 103: got 8103, expected approximately 1, src=9

/home/cjxu/npp/test/unit/nppi/nppi_arithmetic_operations/test_nppi_exp.cpp:187: Failure
Expected: (diff) <= (5), actual: 22025 vs 5
Mismatch at pixel 104: got 22026, expected approximately 1, src=10

/home/cjxu/npp/test/unit/nppi/nppi_arithmetic_operations/test_nppi_exp.cpp:187: Failure
Expected: (diff) <= (5), actual: 6 vs 5
Mismatch at pixel 117: got 7, expected approximately 1, src=2

/home/cjxu/npp/test/unit/nppi/nppi_arithmetic_operations/test_nppi_exp.cpp:187: Failure
Expected: (diff) <= (5), actual: 19 vs 5
Mismatch at pixel 118: got 20, expected approximately 1, src=3

/home/cjxu/npp/test/unit/nppi/nppi_arithmetic_operations/test_nppi_exp.cpp:187: Failure
Expected: (diff) <= (5), actual: 54 vs 5
Mismatch at pixel 119: got 55, expected approximately 1, src=4

/home/cjxu/npp/test/unit/nppi/nppi_arithmetic_operations/test_nppi_exp.cpp:187: Failure
Expected: (diff) <= (5), actual: 147 vs 5
Mismatch at pixel 120: got 148, expected approximately 1, src=5

/home/cjxu/npp/test/unit/nppi/nppi_arithmetic_operations/test_nppi_exp.cpp:187: Failure
Expected: (diff) <= (5), actual: 402 vs 5
Mismatch at pixel 121: got 403, expected approximately 1, src=6

/home/cjxu/npp/test/unit/nppi/nppi_arithmetic_operations/test_nppi_exp.cpp:187: Failure
Expected: (diff) <= (5), actual: 1096 vs 5
Mismatch at pixel 122: got 1097, expected approximately 1, src=7

/home/cjxu/npp/test/unit/nppi/nppi_arithmetic_operations/test_nppi_exp.cpp:187: Failure
Expected: (diff) <= (5), actual: 2980 vs 5
Mismatch at pixel 123: got 2981, expected approximately 1, src=8

/home/cjxu/npp/test/unit/nppi/nppi_arithmetic_operations/test_nppi_exp.cpp:187: Failure
Expected: (diff) <= (5), actual: 8102 vs 5
Mismatch at pixel 124: got 8103, expected approximately 1, src=9

/home/cjxu/npp/test/unit/nppi/nppi_arithmetic_operations/test_nppi_exp.cpp:187: Failure
Expected: (diff) <= (5), actual: 22025 vs 5
Mismatch at pixel 125: got 22026, expected approximately 1, src=10

/home/cjxu/npp/test/unit/nppi/nppi_arithmetic_operations/test_nppi_exp.cpp:187: Failure
Expected: (diff) <= (5), actual: 6 vs 5
Mismatch at pixel 138: got 7, expected approximately 1, src=2

/home/cjxu/npp/test/unit/nppi/nppi_arithmetic_operations/test_nppi_exp.cpp:187: Failure
Expected: (diff) <= (5), actual: 19 vs 5
Mismatch at pixel 139: got 20, expected approximately 1, src=3

/home/cjxu/npp/test/unit/nppi/nppi_arithmetic_operations/test_nppi_exp.cpp:187: Failure
Expected: (diff) <= (5), actual: 54 vs 5
Mismatch at pixel 140: got 55, expected approximately 1, src=4

/home/cjxu/npp/test/unit/nppi/nppi_arithmetic_operations/test_nppi_exp.cpp:187: Failure
Expected: (diff) <= (5), actual: 147 vs 5
Mismatch at pixel 141: got 148, expected approximately 1, src=5

/home/cjxu/npp/test/unit/nppi/nppi_arithmetic_operations/test_nppi_exp.cpp:187: Failure
Expected: (diff) <= (5), actual: 402 vs 5
Mismatch at pixel 142: got 403, expected approximately 1, src=6

/home/cjxu/npp/test/unit/nppi/nppi_arithmetic_operations/test_nppi_exp.cpp:187: Failure
Expected: (diff) <= (5), actual: 1096 vs 5
Mismatch at pixel 143: got 1097, expected approximately 1, src=7

/home/cjxu/npp/test/unit/nppi/nppi_arithmetic_operations/test_nppi_exp.cpp:187: Failure
Expected: (diff) <= (5), actual: 2980 vs 5
Mismatch at pixel 144: got 2981, expected approximately 1, src=8

/home/cjxu/npp/test/unit/nppi/nppi_arithmetic_operations/test_nppi_exp.cpp:187: Failure
Expected: (diff) <= (5), actual: 8102 vs 5
Mismatch at pixel 145: got 8103, expected approximately 1, src=9

/home/cjxu/npp/test/unit/nppi/nppi_arithmetic_operations/test_nppi_exp.cpp:187: Failure
Expected: (diff) <= (5), actual: 22025 vs 5
Mismatch at pixel 146: got 22026, expected approximately 1, src=10

/home/cjxu/npp/test/unit/nppi/nppi_arithmetic_operations/test_nppi_exp.cpp:187: Failure
Expected: (diff) <= (5), actual: 6 vs 5
Mismatch at pixel 159: got 7, expected approximately 1, src=2

/home/cjxu/npp/test/unit/nppi/nppi_arithmetic_operations/test_nppi_exp.cpp:187: Failure
Expected: (diff) <= (5), actual: 19 vs 5
Mismatch at pixel 160: got 20, expected approximately 1, src=3

/home/cjxu/npp/test/unit/nppi/nppi_arithmetic_operations/test_nppi_exp.cpp:187: Failure
Expected: (diff) <= (5), actual: 54 vs 5
Mismatch at pixel 161: got 55, expected approximately 1, src=4

/home/cjxu/npp/test/unit/nppi/nppi_arithmetic_operations/test_nppi_exp.cpp:187: Failure
Expected: (diff) <= (5), actual: 147 vs 5
Mismatch at pixel 162: got 148, expected approximately 1, src=5

/home/cjxu/npp/test/unit/nppi/nppi_arithmetic_operations/test_nppi_exp.cpp:187: Failure
Expected: (diff) <= (5), actual: 402 vs 5
Mismatch at pixel 163: got 403, expected approximately 1, src=6

/home/cjxu/npp/test/unit/nppi/nppi_arithmetic_operations/test_nppi_exp.cpp:187: Failure
Expected: (diff) <= (5), actual: 1096 vs 5
Mismatch at pixel 164: got 1097, expected approximately 1, src=7

/home/cjxu/npp/test/unit/nppi/nppi_arithmetic_operations/test_nppi_exp.cpp:187: Failure
Expected: (diff) <= (5), actual: 2980 vs 5
Mismatch at pixel 165: got 2981, expected approximately 1, src=8

/home/cjxu/npp/test/unit/nppi/nppi_arithmetic_operations/test_nppi_exp.cpp:187: Failure
Expected: (diff) <= (5), actual: 8102 vs 5
Mismatch at pixel 166: got 8103, expected approximately 1, src=9

/home/cjxu/npp/test/unit/nppi/nppi_arithmetic_operations/test_nppi_exp.cpp:187: Failure
Expected: (diff) <= (5), actual: 22025 vs 5
Mismatch at pixel 167: got 22026, expected approximately 1, src=10

/home/cjxu/npp/test/unit/nppi/nppi_arithmetic_operations/test_nppi_exp.cpp:187: Failure
Expected: (diff) <= (5), actual: 6 vs 5
Mismatch at pixel 180: got 7, expected approximately 1, src=2

/home/cjxu/npp/test/unit/nppi/nppi_arithmetic_operations/test_nppi_exp.cpp:187: Failure
Expected: (diff) <= (5), actual: 19 vs 5
Mismatch at pixel 181: got 20, expected approximately 1, src=3

/home/cjxu/npp/test/unit/nppi/nppi_arithmetic_operations/test_nppi_exp.cpp:187: Failure
Expected: (diff) <= (5), actual: 54 vs 5
Mismatch at pixel 182: got 55, expected approximately 1, src=4

/home/cjxu/npp/test/unit/nppi/nppi_arithmetic_operations/test_nppi_exp.cpp:187: Failure
Expected: (diff) <= (5), actual: 147 vs 5
Mismatch at pixel 183: got 148, expected approximately 1, src=5

/home/cjxu/npp/test/unit/nppi/nppi_arithmetic_operations/test_nppi_exp.cpp:187: Failure
Expected: (diff) <= (5), actual: 402 vs 5
Mismatch at pixel 184: got 403, expected approximately 1, src=6

/home/cjxu/npp/test/unit/nppi/nppi_arithmetic_operations/test_nppi_exp.cpp:187: Failure
Expected: (diff) <= (5), actual: 1096 vs 5
Mismatch at pixel 185: got 1097, expected approximately 1, src=7

/home/cjxu/npp/test/unit/nppi/nppi_arithmetic_operations/test_nppi_exp.cpp:187: Failure
Expected: (diff) <= (5), actual: 2980 vs 5
Mismatch at pixel 186: got 2981, expected approximately 1, src=8

/home/cjxu/npp/test/unit/nppi/nppi_arithmetic_operations/test_nppi_exp.cpp:187: Failure
Expected: (diff) <= (5), actual: 8102 vs 5
Mismatch at pixel 187: got 8103, expected approximately 1, src=9

/home/cjxu/npp/test/unit/nppi/nppi_arithmetic_operations/test_nppi_exp.cpp:187: Failure
Expected: (diff) <= (5), actual: 22025 vs 5
Mismatch at pixel 188: got 22026, expected approximately 1, src=10

[  FAILED  ] ExpFunctionalTest.Exp_16s_C1RSfs_BasicOperation (3 ms)
[ RUN      ] ExpFunctionalTest.Exp_32f_C1R_SpecialValues
[       OK ] ExpFunctionalTest.Exp_32f_C1R_SpecialValues (0 ms)
[ RUN      ] ExpFunctionalTest.Exp_32f_C1IR_InPlace
[       OK ] ExpFunctionalTest.Exp_32f_C1IR_InPlace (1 ms)
[ RUN      ] ExpFunctionalTest.Exp_ErrorHandling
[       OK ] ExpFunctionalTest.Exp_ErrorHandling (0 ms)
[ RUN      ] ExpFunctionalTest.Exp_StreamContext
[       OK ] ExpFunctionalTest.Exp_StreamContext (1 ms)
[ RUN      ] ExpFunctionalTest.Exp_8u_C1RSfs_WithScaling
[       OK ] ExpFunctionalTest.Exp_8u_C1RSfs_WithScaling (4 ms)
[----------] 8 tests from ExpFunctionalTest (16 ms total)

[----------] 4 tests from LogicalFunctionalTest
[ RUN      ] LogicalFunctionalTest.And_8u_C1R
[       OK ] LogicalFunctionalTest.And_8u_C1R (2 ms)
[ RUN      ] LogicalFunctionalTest.AndC_8u_C1R
[       OK ] LogicalFunctionalTest.AndC_8u_C1R (4 ms)
[ RUN      ] LogicalFunctionalTest.Or_8u_C1R
[       OK ] LogicalFunctionalTest.Or_8u_C1R (0 ms)
[ RUN      ] LogicalFunctionalTest.OrC_8u_C1R
[       OK ] LogicalFunctionalTest.OrC_8u_C1R (0 ms)
[----------] 4 tests from LogicalFunctionalTest (8 ms total)

[----------] 3 tests from LogicalParameterTest
[ RUN      ] LogicalParameterTest.NullPointerError
[       OK ] LogicalParameterTest.NullPointerError (0 ms)
[ RUN      ] LogicalParameterTest.InvalidSize
/home/cjxu/npp/test/unit/nppi/nppi_arithmetic_operations/test_nppi_logical.cpp:158: Failure
Expected equality of these values:
  nppiAnd_8u_C1R(&dummy, step, &dummy, step, &dummy, step, size)
    Which is: 0
  NPP_SIZE_ERROR
    Which is: -6

/home/cjxu/npp/test/unit/nppi/nppi_arithmetic_operations/test_nppi_logical.cpp:163: Failure
Expected equality of these values:
  nppiOr_8u_C1R(&dummy, step, &dummy, step, &dummy, step, size)
    Which is: 0
  NPP_SIZE_ERROR
    Which is: -6

[  FAILED  ] LogicalParameterTest.InvalidSize (0 ms)
[ RUN      ] LogicalParameterTest.InvalidStep
/home/cjxu/npp/test/unit/nppi/nppi_arithmetic_operations/test_nppi_logical.cpp:172: Failure
Expected equality of these values:
  nppiAnd_8u_C1R(&dummy, 5, &dummy, 10, &dummy, 10, size)
    Which is: 0
  NPP_STEP_ERROR
    Which is: -14

/home/cjxu/npp/test/unit/nppi/nppi_arithmetic_operations/test_nppi_logical.cpp:174: Failure
Expected equality of these values:
  nppiOr_8u_C1R(&dummy, 10, &dummy, 5, &dummy, 10, size)
    Which is: 0
  NPP_STEP_ERROR
    Which is: -14

[  FAILED  ] LogicalParameterTest.InvalidStep (0 ms)
[----------] 3 tests from LogicalParameterTest (0 ms total)

[----------] 7 tests from MulScaleFunctionalTest
[ RUN      ] MulScaleFunctionalTest.MulScale_8u_C1R_BasicOperation
/home/cjxu/npp/test/unit/nppi/nppi_arithmetic_operations/test_nppi_mulscale.cpp:64: Failure
Expected equality of these values:
  status
    Which is: -1000
  NPP_SUCCESS
    Which is: 0

/home/cjxu/npp/test/unit/nppi/nppi_arithmetic_operations/test_nppi_mulscale.cpp:77: Failure
Value of: NPPTestUtils::IsArithmeticEqual(resultData[i], expectedData[i], "nppiMulScale_8u_C1R")
  Actual: false
Expected: true
Arithmetic function nppiMulScale_8u_C1R values differ: actual=\0, expected= (Test mode: Tolerant Testing Mode (minor differences allowed))Mismatch at pixel 6: got 0, expected 2, src1=7, src2=96

/home/cjxu/npp/test/unit/nppi/nppi_arithmetic_operations/test_nppi_mulscale.cpp:77: Failure
Value of: NPPTestUtils::IsArithmeticEqual(resultData[i], expectedData[i], "nppiMulScale_8u_C1R")
  Actual: false
Expected: true
Arithmetic function nppiMulScale_8u_C1R values differ: actual=\0, expected= (Test mode: Tolerant Testing Mode (minor differences allowed))Mismatch at pixel 7: got 0, expected 3, src1=8, src2=112

/home/cjxu/npp/test/unit/nppi/nppi_arithmetic_operations/test_nppi_mulscale.cpp:77: Failure
Value of: NPPTestUtils::IsArithmeticEqual(resultData[i], expectedData[i], "nppiMulScale_8u_C1R")
  Actual: false
Expected: true
Arithmetic function nppiMulScale_8u_C1R values differ: actual=\0, expected= (Test mode: Tolerant Testing Mode (minor differences allowed))Mismatch at pixel 11: got 0, expected 2, src1=12, src2=48

/home/cjxu/npp/test/unit/nppi/nppi_arithmetic_operations/test_nppi_mulscale.cpp:77: Failure
Value of: NPPTestUtils::IsArithmeticEqual(resultData[i], expectedData[i], "nppiMulScale_8u_C1R")
  Actual: false
Expected: true
Arithmetic function nppiMulScale_8u_C1R values differ: actual=\0, expected= (Test mode: Tolerant Testing Mode (minor differences allowed))Mismatch at pixel 12: got 0, expected 3, src1=13, src2=64

/home/cjxu/npp/test/unit/nppi/nppi_arithmetic_operations/test_nppi_mulscale.cpp:77: Failure
Value of: NPPTestUtils::IsArithmeticEqual(resultData[i], expectedData[i], "nppiMulScale_8u_C1R")
  Actual: false
Expected: true
Arithmetic function nppiMulScale_8u_C1R values differ: actual=\0, expected= (Test mode: Tolerant Testing Mode (minor differences allowed))Mismatch at pixel 13: got 0, expected 4, src1=14, src2=80

/home/cjxu/npp/test/unit/nppi/nppi_arithmetic_operations/test_nppi_mulscale.cpp:77: Failure
Value of: NPPTestUtils::IsArithmeticEqual(resultData[i], expectedData[i], "nppiMulScale_8u_C1R")
  Actual: false
Expected: true
Arithmetic function nppiMulScale_8u_C1R values differ: actual=\0, expected= (Test mode: Tolerant Testing Mode (minor differences allowed))Mismatch at pixel 14: got 0, expected 5, src1=15, src2=96

/home/cjxu/npp/test/unit/nppi/nppi_arithmetic_operations/test_nppi_mulscale.cpp:77: Failure
Value of: NPPTestUtils::IsArithmeticEqual(resultData[i], expectedData[i], "nppiMulScale_8u_C1R")
  Actual: false
Expected: true
Arithmetic function nppiMulScale_8u_C1R values differ: actual=\0, expected= (Test mode: Tolerant Testing Mode (minor differences allowed))Mismatch at pixel 15: got 0, expected 7, src1=16, src2=112

/home/cjxu/npp/test/unit/nppi/nppi_arithmetic_operations/test_nppi_mulscale.cpp:77: Failure
Value of: NPPTestUtils::IsArithmeticEqual(resultData[i], expectedData[i], "nppiMulScale_8u_C1R")
  Actual: false
Expected: true
Arithmetic function nppiMulScale_8u_C1R values differ: actual=\0, expected= (Test mode: Tolerant Testing Mode (minor differences allowed))Mismatch at pixel 22: got 0, expected 2, src1=7, src2=96

/home/cjxu/npp/test/unit/nppi/nppi_arithmetic_operations/test_nppi_mulscale.cpp:77: Failure
Value of: NPPTestUtils::IsArithmeticEqual(resultData[i], expectedData[i], "nppiMulScale_8u_C1R")
  Actual: false
Expected: true
Arithmetic function nppiMulScale_8u_C1R values differ: actual=\0, expected= (Test mode: Tolerant Testing Mode (minor differences allowed))Mismatch at pixel 23: got 0, expected 3, src1=8, src2=112

/home/cjxu/npp/test/unit/nppi/nppi_arithmetic_operations/test_nppi_mulscale.cpp:77: Failure
Value of: NPPTestUtils::IsArithmeticEqual(resultData[i], expectedData[i], "nppiMulScale_8u_C1R")
  Actual: false
Expected: true
Arithmetic function nppiMulScale_8u_C1R values differ: actual=\0, expected= (Test mode: Tolerant Testing Mode (minor differences allowed))Mismatch at pixel 27: got 0, expected 2, src1=12, src2=48

/home/cjxu/npp/test/unit/nppi/nppi_arithmetic_operations/test_nppi_mulscale.cpp:77: Failure
Value of: NPPTestUtils::IsArithmeticEqual(resultData[i], expectedData[i], "nppiMulScale_8u_C1R")
  Actual: false
Expected: true
Arithmetic function nppiMulScale_8u_C1R values differ: actual=\0, expected= (Test mode: Tolerant Testing Mode (minor differences allowed))Mismatch at pixel 28: got 0, expected 3, src1=13, src2=64

/home/cjxu/npp/test/unit/nppi/nppi_arithmetic_operations/test_nppi_mulscale.cpp:77: Failure
Value of: NPPTestUtils::IsArithmeticEqual(resultData[i], expectedData[i], "nppiMulScale_8u_C1R")
  Actual: false
Expected: true
Arithmetic function nppiMulScale_8u_C1R values differ: actual=\0, expected= (Test mode: Tolerant Testing Mode (minor differences allowed))Mismatch at pixel 29: got 0, expected 4, src1=14, src2=80

/home/cjxu/npp/test/unit/nppi/nppi_arithmetic_operations/test_nppi_mulscale.cpp:77: Failure
Value of: NPPTestUtils::IsArithmeticEqual(resultData[i], expectedData[i], "nppiMulScale_8u_C1R")
  Actual: false
Expected: true
Arithmetic function nppiMulScale_8u_C1R values differ: actual=\0, expected= (Test mode: Tolerant Testing Mode (minor differences allowed))Mismatch at pixel 30: got 0, expected 5, src1=15, src2=96

/home/cjxu/npp/test/unit/nppi/nppi_arithmetic_operations/test_nppi_mulscale.cpp:77: Failure
Value of: NPPTestUtils::IsArithmeticEqual(resultData[i], expectedData[i], "nppiMulScale_8u_C1R")
  Actual: false
Expected: true
Arithmetic function nppiMulScale_8u_C1R values differ: actual=\0, expected= (Test mode: Tolerant Testing Mode (minor differences allowed))Mismatch at pixel 31: got 0, expected 7, src1=16, src2=112

/home/cjxu/npp/test/unit/nppi/nppi_arithmetic_operations/test_nppi_mulscale.cpp:77: Failure
Value of: NPPTestUtils::IsArithmeticEqual(resultData[i], expectedData[i], "nppiMulScale_8u_C1R")
  Actual: false
Expected: true
Arithmetic function nppiMulScale_8u_C1R values differ: actual=\0, expected= (Test mode: Tolerant Testing Mode (minor differences allowed))Mismatch at pixel 38: got 0, expected 2, src1=7, src2=96

/home/cjxu/npp/test/unit/nppi/nppi_arithmetic_operations/test_nppi_mulscale.cpp:77: Failure
Value of: NPPTestUtils::IsArithmeticEqual(resultData[i], expectedData[i], "nppiMulScale_8u_C1R")
  Actual: false
Expected: true
Arithmetic function nppiMulScale_8u_C1R values differ: actual=\0, expected= (Test mode: Tolerant Testing Mode (minor differences allowed))Mismatch at pixel 39: got 0, expected 3, src1=8, src2=112

/home/cjxu/npp/test/unit/nppi/nppi_arithmetic_operations/test_nppi_mulscale.cpp:77: Failure
Value of: NPPTestUtils::IsArithmeticEqual(resultData[i], expectedData[i], "nppiMulScale_8u_C1R")
  Actual: false
Expected: true
Arithmetic function nppiMulScale_8u_C1R values differ: actual=\0, expected= (Test mode: Tolerant Testing Mode (minor differences allowed))Mismatch at pixel 43: got 0, expected 2, src1=12, src2=48

/home/cjxu/npp/test/unit/nppi/nppi_arithmetic_operations/test_nppi_mulscale.cpp:77: Failure
Value of: NPPTestUtils::IsArithmeticEqual(resultData[i], expectedData[i], "nppiMulScale_8u_C1R")
  Actual: false
Expected: true
Arithmetic function nppiMulScale_8u_C1R values differ: actual=\0, expected= (Test mode: Tolerant Testing Mode (minor differences allowed))Mismatch at pixel 44: got 0, expected 3, src1=13, src2=64

/home/cjxu/npp/test/unit/nppi/nppi_arithmetic_operations/test_nppi_mulscale.cpp:77: Failure
Value of: NPPTestUtils::IsArithmeticEqual(resultData[i], expectedData[i], "nppiMulScale_8u_C1R")
  Actual: false
Expected: true
Arithmetic function nppiMulScale_8u_C1R values differ: actual=\0, expected= (Test mode: Tolerant Testing Mode (minor differences allowed))Mismatch at pixel 45: got 0, expected 4, src1=14, src2=80

/home/cjxu/npp/test/unit/nppi/nppi_arithmetic_operations/test_nppi_mulscale.cpp:77: Failure
Value of: NPPTestUtils::IsArithmeticEqual(resultData[i], expectedData[i], "nppiMulScale_8u_C1R")
  Actual: false
Expected: true
Arithmetic function nppiMulScale_8u_C1R values differ: actual=\0, expected= (Test mode: Tolerant Testing Mode (minor differences allowed))Mismatch at pixel 46: got 0, expected 5, src1=15, src2=96

/home/cjxu/npp/test/unit/nppi/nppi_arithmetic_operations/test_nppi_mulscale.cpp:77: Failure
Value of: NPPTestUtils::IsArithmeticEqual(resultData[i], expectedData[i], "nppiMulScale_8u_C1R")
  Actual: false
Expected: true
Arithmetic function nppiMulScale_8u_C1R values differ: actual=\0, expected= (Test mode: Tolerant Testing Mode (minor differences allowed))Mismatch at pixel 47: got 0, expected 7, src1=16, src2=112

/home/cjxu/npp/test/unit/nppi/nppi_arithmetic_operations/test_nppi_mulscale.cpp:77: Failure
Value of: NPPTestUtils::IsArithmeticEqual(resultData[i], expectedData[i], "nppiMulScale_8u_C1R")
  Actual: false
Expected: true
Arithmetic function nppiMulScale_8u_C1R values differ: actual=\0, expected= (Test mode: Tolerant Testing Mode (minor differences allowed))Mismatch at pixel 54: got 0, expected 2, src1=7, src2=96

/home/cjxu/npp/test/unit/nppi/nppi_arithmetic_operations/test_nppi_mulscale.cpp:77: Failure
Value of: NPPTestUtils::IsArithmeticEqual(resultData[i], expectedData[i], "nppiMulScale_8u_C1R")
  Actual: false
Expected: true
Arithmetic function nppiMulScale_8u_C1R values differ: actual=\0, expected= (Test mode: Tolerant Testing Mode (minor differences allowed))Mismatch at pixel 55: got 0, expected 3, src1=8, src2=112

/home/cjxu/npp/test/unit/nppi/nppi_arithmetic_operations/test_nppi_mulscale.cpp:77: Failure
Value of: NPPTestUtils::IsArithmeticEqual(resultData[i], expectedData[i], "nppiMulScale_8u_C1R")
  Actual: false
Expected: true
Arithmetic function nppiMulScale_8u_C1R values differ: actual=\0, expected= (Test mode: Tolerant Testing Mode (minor differences allowed))Mismatch at pixel 59: got 0, expected 2, src1=12, src2=48

/home/cjxu/npp/test/unit/nppi/nppi_arithmetic_operations/test_nppi_mulscale.cpp:77: Failure
Value of: NPPTestUtils::IsArithmeticEqual(resultData[i], expectedData[i], "nppiMulScale_8u_C1R")
  Actual: false
Expected: true
Arithmetic function nppiMulScale_8u_C1R values differ: actual=\0, expected= (Test mode: Tolerant Testing Mode (minor differences allowed))Mismatch at pixel 60: got 0, expected 3, src1=13, src2=64

/home/cjxu/npp/test/unit/nppi/nppi_arithmetic_operations/test_nppi_mulscale.cpp:77: Failure
Value of: NPPTestUtils::IsArithmeticEqual(resultData[i], expectedData[i], "nppiMulScale_8u_C1R")
  Actual: false
Expected: true
Arithmetic function nppiMulScale_8u_C1R values differ: actual=\0, expected= (Test mode: Tolerant Testing Mode (minor differences allowed))Mismatch at pixel 61: got 0, expected 4, src1=14, src2=80

/home/cjxu/npp/test/unit/nppi/nppi_arithmetic_operations/test_nppi_mulscale.cpp:77: Failure
Value of: NPPTestUtils::IsArithmeticEqual(resultData[i], expectedData[i], "nppiMulScale_8u_C1R")
  Actual: false
Expected: true
Arithmetic function nppiMulScale_8u_C1R values differ: actual=\0, expected= (Test mode: Tolerant Testing Mode (minor differences allowed))Mismatch at pixel 62: got 0, expected 5, src1=15, src2=96

/home/cjxu/npp/test/unit/nppi/nppi_arithmetic_operations/test_nppi_mulscale.cpp:77: Failure
Value of: NPPTestUtils::IsArithmeticEqual(resultData[i], expectedData[i], "nppiMulScale_8u_C1R")
  Actual: false
Expected: true
Arithmetic function nppiMulScale_8u_C1R values differ: actual=\0, expected= (Test mode: Tolerant Testing Mode (minor differences allowed))Mismatch at pixel 63: got 0, expected 7, src1=16, src2=112

/home/cjxu/npp/test/unit/nppi/nppi_arithmetic_operations/test_nppi_mulscale.cpp:77: Failure
Value of: NPPTestUtils::IsArithmeticEqual(resultData[i], expectedData[i], "nppiMulScale_8u_C1R")
  Actual: false
Expected: true
Arithmetic function nppiMulScale_8u_C1R values differ: actual=\0, expected= (Test mode: Tolerant Testing Mode (minor differences allowed))Mismatch at pixel 70: got 0, expected 2, src1=7, src2=96

/home/cjxu/npp/test/unit/nppi/nppi_arithmetic_operations/test_nppi_mulscale.cpp:77: Failure
Value of: NPPTestUtils::IsArithmeticEqual(resultData[i], expectedData[i], "nppiMulScale_8u_C1R")
  Actual: false
Expected: true
Arithmetic function nppiMulScale_8u_C1R values differ: actual=\0, expected= (Test mode: Tolerant Testing Mode (minor differences allowed))Mismatch at pixel 71: got 0, expected 3, src1=8, src2=112

/home/cjxu/npp/test/unit/nppi/nppi_arithmetic_operations/test_nppi_mulscale.cpp:77: Failure
Value of: NPPTestUtils::IsArithmeticEqual(resultData[i], expectedData[i], "nppiMulScale_8u_C1R")
  Actual: false
Expected: true
Arithmetic function nppiMulScale_8u_C1R values differ: actual=\0, expected= (Test mode: Tolerant Testing Mode (minor differences allowed))Mismatch at pixel 75: got 0, expected 2, src1=12, src2=48

/home/cjxu/npp/test/unit/nppi/nppi_arithmetic_operations/test_nppi_mulscale.cpp:77: Failure
Value of: NPPTestUtils::IsArithmeticEqual(resultData[i], expectedData[i], "nppiMulScale_8u_C1R")
  Actual: false
Expected: true
Arithmetic function nppiMulScale_8u_C1R values differ: actual=\0, expected= (Test mode: Tolerant Testing Mode (minor differences allowed))Mismatch at pixel 76: got 0, expected 3, src1=13, src2=64

/home/cjxu/npp/test/unit/nppi/nppi_arithmetic_operations/test_nppi_mulscale.cpp:77: Failure
Value of: NPPTestUtils::IsArithmeticEqual(resultData[i], expectedData[i], "nppiMulScale_8u_C1R")
  Actual: false
Expected: true
Arithmetic function nppiMulScale_8u_C1R values differ: actual=\0, expected= (Test mode: Tolerant Testing Mode (minor differences allowed))Mismatch at pixel 77: got 0, expected 4, src1=14, src2=80

/home/cjxu/npp/test/unit/nppi/nppi_arithmetic_operations/test_nppi_mulscale.cpp:77: Failure
Value of: NPPTestUtils::IsArithmeticEqual(resultData[i], expectedData[i], "nppiMulScale_8u_C1R")
  Actual: false
Expected: true
Arithmetic function nppiMulScale_8u_C1R values differ: actual=\0, expected= (Test mode: Tolerant Testing Mode (minor differences allowed))Mismatch at pixel 78: got 0, expected 5, src1=15, src2=96

/home/cjxu/npp/test/unit/nppi/nppi_arithmetic_operations/test_nppi_mulscale.cpp:77: Failure
Value of: NPPTestUtils::IsArithmeticEqual(resultData[i], expectedData[i], "nppiMulScale_8u_C1R")
  Actual: false
Expected: true
Arithmetic function nppiMulScale_8u_C1R values differ: actual=\0, expected= (Test mode: Tolerant Testing Mode (minor differences allowed))Mismatch at pixel 79: got 0, expected 7, src1=16, src2=112

/home/cjxu/npp/test/unit/nppi/nppi_arithmetic_operations/test_nppi_mulscale.cpp:77: Failure
Value of: NPPTestUtils::IsArithmeticEqual(resultData[i], expectedData[i], "nppiMulScale_8u_C1R")
  Actual: false
Expected: true
Arithmetic function nppiMulScale_8u_C1R values differ: actual=\0, expected= (Test mode: Tolerant Testing Mode (minor differences allowed))Mismatch at pixel 86: got 0, expected 2, src1=7, src2=96

/home/cjxu/npp/test/unit/nppi/nppi_arithmetic_operations/test_nppi_mulscale.cpp:77: Failure
Value of: NPPTestUtils::IsArithmeticEqual(resultData[i], expectedData[i], "nppiMulScale_8u_C1R")
  Actual: false
Expected: true
Arithmetic function nppiMulScale_8u_C1R values differ: actual=\0, expected= (Test mode: Tolerant Testing Mode (minor differences allowed))Mismatch at pixel 87: got 0, expected 3, src1=8, src2=112

/home/cjxu/npp/test/unit/nppi/nppi_arithmetic_operations/test_nppi_mulscale.cpp:77: Failure
Value of: NPPTestUtils::IsArithmeticEqual(resultData[i], expectedData[i], "nppiMulScale_8u_C1R")
  Actual: false
Expected: true
Arithmetic function nppiMulScale_8u_C1R values differ: actual=\0, expected= (Test mode: Tolerant Testing Mode (minor differences allowed))Mismatch at pixel 91: got 0, expected 2, src1=12, src2=48

/home/cjxu/npp/test/unit/nppi/nppi_arithmetic_operations/test_nppi_mulscale.cpp:77: Failure
Value of: NPPTestUtils::IsArithmeticEqual(resultData[i], expectedData[i], "nppiMulScale_8u_C1R")
  Actual: false
Expected: true
Arithmetic function nppiMulScale_8u_C1R values differ: actual=\0, expected= (Test mode: Tolerant Testing Mode (minor differences allowed))Mismatch at pixel 92: got 0, expected 3, src1=13, src2=64

/home/cjxu/npp/test/unit/nppi/nppi_arithmetic_operations/test_nppi_mulscale.cpp:77: Failure
Value of: NPPTestUtils::IsArithmeticEqual(resultData[i], expectedData[i], "nppiMulScale_8u_C1R")
  Actual: false
Expected: true
Arithmetic function nppiMulScale_8u_C1R values differ: actual=\0, expected= (Test mode: Tolerant Testing Mode (minor differences allowed))Mismatch at pixel 93: got 0, expected 4, src1=14, src2=80

/home/cjxu/npp/test/unit/nppi/nppi_arithmetic_operations/test_nppi_mulscale.cpp:77: Failure
Value of: NPPTestUtils::IsArithmeticEqual(resultData[i], expectedData[i], "nppiMulScale_8u_C1R")
  Actual: false
Expected: true
Arithmetic function nppiMulScale_8u_C1R values differ: actual=\0, expected= (Test mode: Tolerant Testing Mode (minor differences allowed))Mismatch at pixel 94: got 0, expected 5, src1=15, src2=96

/home/cjxu/npp/test/unit/nppi/nppi_arithmetic_operations/test_nppi_mulscale.cpp:77: Failure
Value of: NPPTestUtils::IsArithmeticEqual(resultData[i], expectedData[i], "nppiMulScale_8u_C1R")
  Actual: false
Expected: true
Arithmetic function nppiMulScale_8u_C1R values differ: actual=\0, expected= (Test mode: Tolerant Testing Mode (minor differences allowed))Mismatch at pixel 95: got 0, expected 7, src1=16, src2=112

/home/cjxu/npp/test/unit/nppi/nppi_arithmetic_operations/test_nppi_mulscale.cpp:77: Failure
Value of: NPPTestUtils::IsArithmeticEqual(resultData[i], expectedData[i], "nppiMulScale_8u_C1R")
  Actual: false
Expected: true
Arithmetic function nppiMulScale_8u_C1R values differ: actual=\0, expected= (Test mode: Tolerant Testing Mode (minor differences allowed))Mismatch at pixel 102: got 0, expected 2, src1=7, src2=96

/home/cjxu/npp/test/unit/nppi/nppi_arithmetic_operations/test_nppi_mulscale.cpp:77: Failure
Value of: NPPTestUtils::IsArithmeticEqual(resultData[i], expectedData[i], "nppiMulScale_8u_C1R")
  Actual: false
Expected: true
Arithmetic function nppiMulScale_8u_C1R values differ: actual=\0, expected= (Test mode: Tolerant Testing Mode (minor differences allowed))Mismatch at pixel 103: got 0, expected 3, src1=8, src2=112

/home/cjxu/npp/test/unit/nppi/nppi_arithmetic_operations/test_nppi_mulscale.cpp:77: Failure
Value of: NPPTestUtils::IsArithmeticEqual(resultData[i], expectedData[i], "nppiMulScale_8u_C1R")
  Actual: false
Expected: true
Arithmetic function nppiMulScale_8u_C1R values differ: actual=\0, expected= (Test mode: Tolerant Testing Mode (minor differences allowed))Mismatch at pixel 107: got 0, expected 2, src1=12, src2=48

/home/cjxu/npp/test/unit/nppi/nppi_arithmetic_operations/test_nppi_mulscale.cpp:77: Failure
Value of: NPPTestUtils::IsArithmeticEqual(resultData[i], expectedData[i], "nppiMulScale_8u_C1R")
  Actual: false
Expected: true
Arithmetic function nppiMulScale_8u_C1R values differ: actual=\0, expected= (Test mode: Tolerant Testing Mode (minor differences allowed))Mismatch at pixel 108: got 0, expected 3, src1=13, src2=64

/home/cjxu/npp/test/unit/nppi/nppi_arithmetic_operations/test_nppi_mulscale.cpp:77: Failure
Value of: NPPTestUtils::IsArithmeticEqual(resultData[i], expectedData[i], "nppiMulScale_8u_C1R")
  Actual: false
Expected: true
Arithmetic function nppiMulScale_8u_C1R values differ: actual=\0, expected= (Test mode: Tolerant Testing Mode (minor differences allowed))Mismatch at pixel 109: got 0, expected 4, src1=14, src2=80

/home/cjxu/npp/test/unit/nppi/nppi_arithmetic_operations/test_nppi_mulscale.cpp:77: Failure
Value of: NPPTestUtils::IsArithmeticEqual(resultData[i], expectedData[i], "nppiMulScale_8u_C1R")
  Actual: false
Expected: true
Arithmetic function nppiMulScale_8u_C1R values differ: actual=\0, expected= (Test mode: Tolerant Testing Mode (minor differences allowed))Mismatch at pixel 110: got 0, expected 5, src1=15, src2=96

/home/cjxu/npp/test/unit/nppi/nppi_arithmetic_operations/test_nppi_mulscale.cpp:77: Failure
Value of: NPPTestUtils::IsArithmeticEqual(resultData[i], expectedData[i], "nppiMulScale_8u_C1R")
  Actual: false
Expected: true
Arithmetic function nppiMulScale_8u_C1R values differ: actual=\0, expected= (Test mode: Tolerant Testing Mode (minor differences allowed))Mismatch at pixel 111: got 0, expected 7, src1=16, src2=112

/home/cjxu/npp/test/unit/nppi/nppi_arithmetic_operations/test_nppi_mulscale.cpp:77: Failure
Value of: NPPTestUtils::IsArithmeticEqual(resultData[i], expectedData[i], "nppiMulScale_8u_C1R")
  Actual: false
Expected: true
Arithmetic function nppiMulScale_8u_C1R values differ: actual=\0, expected= (Test mode: Tolerant Testing Mode (minor differences allowed))Mismatch at pixel 118: got 0, expected 2, src1=7, src2=96

/home/cjxu/npp/test/unit/nppi/nppi_arithmetic_operations/test_nppi_mulscale.cpp:77: Failure
Value of: NPPTestUtils::IsArithmeticEqual(resultData[i], expectedData[i], "nppiMulScale_8u_C1R")
  Actual: false
Expected: true
Arithmetic function nppiMulScale_8u_C1R values differ: actual=\0, expected= (Test mode: Tolerant Testing Mode (minor differences allowed))Mismatch at pixel 119: got 0, expected 3, src1=8, src2=112

/home/cjxu/npp/test/unit/nppi/nppi_arithmetic_operations/test_nppi_mulscale.cpp:77: Failure
Value of: NPPTestUtils::IsArithmeticEqual(resultData[i], expectedData[i], "nppiMulScale_8u_C1R")
  Actual: false
Expected: true
Arithmetic function nppiMulScale_8u_C1R values differ: actual=\0, expected= (Test mode: Tolerant Testing Mode (minor differences allowed))Mismatch at pixel 123: got 0, expected 2, src1=12, src2=48

/home/cjxu/npp/test/unit/nppi/nppi_arithmetic_operations/test_nppi_mulscale.cpp:77: Failure
Value of: NPPTestUtils::IsArithmeticEqual(resultData[i], expectedData[i], "nppiMulScale_8u_C1R")
  Actual: false
Expected: true
Arithmetic function nppiMulScale_8u_C1R values differ: actual=\0, expected= (Test mode: Tolerant Testing Mode (minor differences allowed))Mismatch at pixel 124: got 0, expected 3, src1=13, src2=64

/home/cjxu/npp/test/unit/nppi/nppi_arithmetic_operations/test_nppi_mulscale.cpp:77: Failure
Value of: NPPTestUtils::IsArithmeticEqual(resultData[i], expectedData[i], "nppiMulScale_8u_C1R")
  Actual: false
Expected: true
Arithmetic function nppiMulScale_8u_C1R values differ: actual=\0, expected= (Test mode: Tolerant Testing Mode (minor differences allowed))Mismatch at pixel 125: got 0, expected 4, src1=14, src2=80

/home/cjxu/npp/test/unit/nppi/nppi_arithmetic_operations/test_nppi_mulscale.cpp:77: Failure
Value of: NPPTestUtils::IsArithmeticEqual(resultData[i], expectedData[i], "nppiMulScale_8u_C1R")
  Actual: false
Expected: true
Arithmetic function nppiMulScale_8u_C1R values differ: actual=\0, expected= (Test mode: Tolerant Testing Mode (minor differences allowed))Mismatch at pixel 126: got 0, expected 5, src1=15, src2=96

/home/cjxu/npp/test/unit/nppi/nppi_arithmetic_operations/test_nppi_mulscale.cpp:77: Failure
Value of: NPPTestUtils::IsArithmeticEqual(resultData[i], expectedData[i], "nppiMulScale_8u_C1R")
  Actual: false
Expected: true
Arithmetic function nppiMulScale_8u_C1R values differ: actual=\0, expected= (Test mode: Tolerant Testing Mode (minor differences allowed))Mismatch at pixel 127: got 0, expected 7, src1=16, src2=112

/home/cjxu/npp/test/unit/nppi/nppi_arithmetic_operations/test_nppi_mulscale.cpp:77: Failure
Value of: NPPTestUtils::IsArithmeticEqual(resultData[i], expectedData[i], "nppiMulScale_8u_C1R")
  Actual: false
Expected: true
Arithmetic function nppiMulScale_8u_C1R values differ: actual=\0, expected= (Test mode: Tolerant Testing Mode (minor differences allowed))Mismatch at pixel 134: got 0, expected 2, src1=7, src2=96

/home/cjxu/npp/test/unit/nppi/nppi_arithmetic_operations/test_nppi_mulscale.cpp:77: Failure
Value of: NPPTestUtils::IsArithmeticEqual(resultData[i], expectedData[i], "nppiMulScale_8u_C1R")
  Actual: false
Expected: true
Arithmetic function nppiMulScale_8u_C1R values differ: actual=\0, expected= (Test mode: Tolerant Testing Mode (minor differences allowed))Mismatch at pixel 135: got 0, expected 3, src1=8, src2=112

/home/cjxu/npp/test/unit/nppi/nppi_arithmetic_operations/test_nppi_mulscale.cpp:77: Failure
Value of: NPPTestUtils::IsArithmeticEqual(resultData[i], expectedData[i], "nppiMulScale_8u_C1R")
  Actual: false
Expected: true
Arithmetic function nppiMulScale_8u_C1R values differ: actual=\0, expected= (Test mode: Tolerant Testing Mode (minor differences allowed))Mismatch at pixel 139: got 0, expected 2, src1=12, src2=48

/home/cjxu/npp/test/unit/nppi/nppi_arithmetic_operations/test_nppi_mulscale.cpp:77: Failure
Value of: NPPTestUtils::IsArithmeticEqual(resultData[i], expectedData[i], "nppiMulScale_8u_C1R")
  Actual: false
Expected: true
Arithmetic function nppiMulScale_8u_C1R values differ: actual=\0, expected= (Test mode: Tolerant Testing Mode (minor differences allowed))Mismatch at pixel 140: got 0, expected 3, src1=13, src2=64

/home/cjxu/npp/test/unit/nppi/nppi_arithmetic_operations/test_nppi_mulscale.cpp:77: Failure
Value of: NPPTestUtils::IsArithmeticEqual(resultData[i], expectedData[i], "nppiMulScale_8u_C1R")
  Actual: false
Expected: true
Arithmetic function nppiMulScale_8u_C1R values differ: actual=\0, expected= (Test mode: Tolerant Testing Mode (minor differences allowed))Mismatch at pixel 141: got 0, expected 4, src1=14, src2=80

/home/cjxu/npp/test/unit/nppi/nppi_arithmetic_operations/test_nppi_mulscale.cpp:77: Failure
Value of: NPPTestUtils::IsArithmeticEqual(resultData[i], expectedData[i], "nppiMulScale_8u_C1R")
  Actual: false
Expected: true
Arithmetic function nppiMulScale_8u_C1R values differ: actual=\0, expected= (Test mode: Tolerant Testing Mode (minor differences allowed))Mismatch at pixel 142: got 0, expected 5, src1=15, src2=96

/home/cjxu/npp/test/unit/nppi/nppi_arithmetic_operations/test_nppi_mulscale.cpp:77: Failure
Value of: NPPTestUtils::IsArithmeticEqual(resultData[i], expectedData[i], "nppiMulScale_8u_C1R")
  Actual: false
Expected: true
Arithmetic function nppiMulScale_8u_C1R values differ: actual=\0, expected= (Test mode: Tolerant Testing Mode (minor differences allowed))Mismatch at pixel 143: got 0, expected 7, src1=16, src2=112

/home/cjxu/npp/test/unit/nppi/nppi_arithmetic_operations/test_nppi_mulscale.cpp:77: Failure
Value of: NPPTestUtils::IsArithmeticEqual(resultData[i], expectedData[i], "nppiMulScale_8u_C1R")
  Actual: false
Expected: true
Arithmetic function nppiMulScale_8u_C1R values differ: actual=\0, expected= (Test mode: Tolerant Testing Mode (minor differences allowed))Mismatch at pixel 150: got 0, expected 2, src1=7, src2=96

/home/cjxu/npp/test/unit/nppi/nppi_arithmetic_operations/test_nppi_mulscale.cpp:77: Failure
Value of: NPPTestUtils::IsArithmeticEqual(resultData[i], expectedData[i], "nppiMulScale_8u_C1R")
  Actual: false
Expected: true
Arithmetic function nppiMulScale_8u_C1R values differ: actual=\0, expected= (Test mode: Tolerant Testing Mode (minor differences allowed))Mismatch at pixel 151: got 0, expected 3, src1=8, src2=112

/home/cjxu/npp/test/unit/nppi/nppi_arithmetic_operations/test_nppi_mulscale.cpp:77: Failure
Value of: NPPTestUtils::IsArithmeticEqual(resultData[i], expectedData[i], "nppiMulScale_8u_C1R")
  Actual: false
Expected: true
Arithmetic function nppiMulScale_8u_C1R values differ: actual=\0, expected= (Test mode: Tolerant Testing Mode (minor differences allowed))Mismatch at pixel 155: got 0, expected 2, src1=12, src2=48

/home/cjxu/npp/test/unit/nppi/nppi_arithmetic_operations/test_nppi_mulscale.cpp:77: Failure
Value of: NPPTestUtils::IsArithmeticEqual(resultData[i], expectedData[i], "nppiMulScale_8u_C1R")
  Actual: false
Expected: true
Arithmetic function nppiMulScale_8u_C1R values differ: actual=\0, expected= (Test mode: Tolerant Testing Mode (minor differences allowed))Mismatch at pixel 156: got 0, expected 3, src1=13, src2=64

/home/cjxu/npp/test/unit/nppi/nppi_arithmetic_operations/test_nppi_mulscale.cpp:77: Failure
Value of: NPPTestUtils::IsArithmeticEqual(resultData[i], expectedData[i], "nppiMulScale_8u_C1R")
  Actual: false
Expected: true
Arithmetic function nppiMulScale_8u_C1R values differ: actual=\0, expected= (Test mode: Tolerant Testing Mode (minor differences allowed))Mismatch at pixel 157: got 0, expected 4, src1=14, src2=80

/home/cjxu/npp/test/unit/nppi/nppi_arithmetic_operations/test_nppi_mulscale.cpp:77: Failure
Value of: NPPTestUtils::IsArithmeticEqual(resultData[i], expectedData[i], "nppiMulScale_8u_C1R")
  Actual: false
Expected: true
Arithmetic function nppiMulScale_8u_C1R values differ: actual=\0, expected= (Test mode: Tolerant Testing Mode (minor differences allowed))Mismatch at pixel 158: got 0, expected 5, src1=15, src2=96

/home/cjxu/npp/test/unit/nppi/nppi_arithmetic_operations/test_nppi_mulscale.cpp:77: Failure
Value of: NPPTestUtils::IsArithmeticEqual(resultData[i], expectedData[i], "nppiMulScale_8u_C1R")
  Actual: false
Expected: true
Arithmetic function nppiMulScale_8u_C1R values differ: actual=\0, expected= (Test mode: Tolerant Testing Mode (minor differences allowed))Mismatch at pixel 159: got 0, expected 7, src1=16, src2=112

/home/cjxu/npp/test/unit/nppi/nppi_arithmetic_operations/test_nppi_mulscale.cpp:77: Failure
Value of: NPPTestUtils::IsArithmeticEqual(resultData[i], expectedData[i], "nppiMulScale_8u_C1R")
  Actual: false
Expected: true
Arithmetic function nppiMulScale_8u_C1R values differ: actual=\0, expected= (Test mode: Tolerant Testing Mode (minor differences allowed))Mismatch at pixel 166: got 0, expected 2, src1=7, src2=96

/home/cjxu/npp/test/unit/nppi/nppi_arithmetic_operations/test_nppi_mulscale.cpp:77: Failure
Value of: NPPTestUtils::IsArithmeticEqual(resultData[i], expectedData[i], "nppiMulScale_8u_C1R")
  Actual: false
Expected: true
Arithmetic function nppiMulScale_8u_C1R values differ: actual=\0, expected= (Test mode: Tolerant Testing Mode (minor differences allowed))Mismatch at pixel 167: got 0, expected 3, src1=8, src2=112

/home/cjxu/npp/test/unit/nppi/nppi_arithmetic_operations/test_nppi_mulscale.cpp:77: Failure
Value of: NPPTestUtils::IsArithmeticEqual(resultData[i], expectedData[i], "nppiMulScale_8u_C1R")
  Actual: false
Expected: true
Arithmetic function nppiMulScale_8u_C1R values differ: actual=\0, expected= (Test mode: Tolerant Testing Mode (minor differences allowed))Mismatch at pixel 171: got 0, expected 2, src1=12, src2=48

/home/cjxu/npp/test/unit/nppi/nppi_arithmetic_operations/test_nppi_mulscale.cpp:77: Failure
Value of: NPPTestUtils::IsArithmeticEqual(resultData[i], expectedData[i], "nppiMulScale_8u_C1R")
  Actual: false
Expected: true
Arithmetic function nppiMulScale_8u_C1R values differ: actual=\0, expected= (Test mode: Tolerant Testing Mode (minor differences allowed))Mismatch at pixel 172: got 0, expected 3, src1=13, src2=64

/home/cjxu/npp/test/unit/nppi/nppi_arithmetic_operations/test_nppi_mulscale.cpp:77: Failure
Value of: NPPTestUtils::IsArithmeticEqual(resultData[i], expectedData[i], "nppiMulScale_8u_C1R")
  Actual: false
Expected: true
Arithmetic function nppiMulScale_8u_C1R values differ: actual=\0, expected= (Test mode: Tolerant Testing Mode (minor differences allowed))Mismatch at pixel 173: got 0, expected 4, src1=14, src2=80

/home/cjxu/npp/test/unit/nppi/nppi_arithmetic_operations/test_nppi_mulscale.cpp:77: Failure
Value of: NPPTestUtils::IsArithmeticEqual(resultData[i], expectedData[i], "nppiMulScale_8u_C1R")
  Actual: false
Expected: true
Arithmetic function nppiMulScale_8u_C1R values differ: actual=\0, expected= (Test mode: Tolerant Testing Mode (minor differences allowed))Mismatch at pixel 174: got 0, expected 5, src1=15, src2=96

/home/cjxu/npp/test/unit/nppi/nppi_arithmetic_operations/test_nppi_mulscale.cpp:77: Failure
Value of: NPPTestUtils::IsArithmeticEqual(resultData[i], expectedData[i], "nppiMulScale_8u_C1R")
  Actual: false
Expected: true
Arithmetic function nppiMulScale_8u_C1R values differ: actual=\0, expected= (Test mode: Tolerant Testing Mode (minor differences allowed))Mismatch at pixel 175: got 0, expected 7, src1=16, src2=112

/home/cjxu/npp/test/unit/nppi/nppi_arithmetic_operations/test_nppi_mulscale.cpp:77: Failure
Value of: NPPTestUtils::IsArithmeticEqual(resultData[i], expectedData[i], "nppiMulScale_8u_C1R")
  Actual: false
Expected: true
Arithmetic function nppiMulScale_8u_C1R values differ: actual=\0, expected= (Test mode: Tolerant Testing Mode (minor differences allowed))Mismatch at pixel 182: got 0, expected 2, src1=7, src2=96

/home/cjxu/npp/test/unit/nppi/nppi_arithmetic_operations/test_nppi_mulscale.cpp:77: Failure
Value of: NPPTestUtils::IsArithmeticEqual(resultData[i], expectedData[i], "nppiMulScale_8u_C1R")
  Actual: false
Expected: true
Arithmetic function nppiMulScale_8u_C1R values differ: actual=\0, expected= (Test mode: Tolerant Testing Mode (minor differences allowed))Mismatch at pixel 183: got 0, expected 3, src1=8, src2=112

/home/cjxu/npp/test/unit/nppi/nppi_arithmetic_operations/test_nppi_mulscale.cpp:77: Failure
Value of: NPPTestUtils::IsArithmeticEqual(resultData[i], expectedData[i], "nppiMulScale_8u_C1R")
  Actual: false
Expected: true
Arithmetic function nppiMulScale_8u_C1R values differ: actual=\0, expected= (Test mode: Tolerant Testing Mode (minor differences allowed))Mismatch at pixel 187: got 0, expected 2, src1=12, src2=48

/home/cjxu/npp/test/unit/nppi/nppi_arithmetic_operations/test_nppi_mulscale.cpp:77: Failure
Value of: NPPTestUtils::IsArithmeticEqual(resultData[i], expectedData[i], "nppiMulScale_8u_C1R")
  Actual: false
Expected: true
Arithmetic function nppiMulScale_8u_C1R values differ: actual=\0, expected= (Test mode: Tolerant Testing Mode (minor differences allowed))Mismatch at pixel 188: got 0, expected 3, src1=13, src2=64

/home/cjxu/npp/test/unit/nppi/nppi_arithmetic_operations/test_nppi_mulscale.cpp:77: Failure
Value of: NPPTestUtils::IsArithmeticEqual(resultData[i], expectedData[i], "nppiMulScale_8u_C1R")
  Actual: false
Expected: true
Arithmetic function nppiMulScale_8u_C1R values differ: actual=\0, expected= (Test mode: Tolerant Testing Mode (minor differences allowed))Mismatch at pixel 189: got 0, expected 4, src1=14, src2=80

/home/cjxu/npp/test/unit/nppi/nppi_arithmetic_operations/test_nppi_mulscale.cpp:77: Failure
Value of: NPPTestUtils::IsArithmeticEqual(resultData[i], expectedData[i], "nppiMulScale_8u_C1R")
  Actual: false
Expected: true
Arithmetic function nppiMulScale_8u_C1R values differ: actual=\0, expected= (Test mode: Tolerant Testing Mode (minor differences allowed))Mismatch at pixel 190: got 0, expected 5, src1=15, src2=96

/home/cjxu/npp/test/unit/nppi/nppi_arithmetic_operations/test_nppi_mulscale.cpp:77: Failure
Value of: NPPTestUtils::IsArithmeticEqual(resultData[i], expectedData[i], "nppiMulScale_8u_C1R")
  Actual: false
Expected: true
Arithmetic function nppiMulScale_8u_C1R values differ: actual=\0, expected= (Test mode: Tolerant Testing Mode (minor differences allowed))Mismatch at pixel 191: got 0, expected 7, src1=16, src2=112

[  FAILED  ] MulScaleFunctionalTest.MulScale_8u_C1R_BasicOperation (8 ms)
[ RUN      ] MulScaleFunctionalTest.MulScale_16u_C1R_BasicOperation
cudaMallocPitch failed: an illegal memory access was encountered
cudaMallocPitch failed: an illegal memory access was encountered
cudaMallocPitch failed: an illegal memory access was encountered
/home/cjxu/npp/test/unit/nppi/nppi_arithmetic_operations/test_nppi_mulscale.cpp:113: Failure
Expected: (d_src1) != (nullptr), actual: NULL vs (nullptr)

[  FAILED  ] MulScaleFunctionalTest.MulScale_16u_C1R_BasicOperation (0 ms)
[ RUN      ] MulScaleFunctionalTest.MulScale_8u_C1R_ExtremeValues
cudaMallocPitch failed: an illegal memory access was encountered
cudaMallocPitch failed: an illegal memory access was encountered
cudaMallocPitch failed: an illegal memory access was encountered
/home/cjxu/npp/test/unit/nppi/nppi_arithmetic_operations/test_nppi_mulscale.cpp:177: Failure
Expected: (d_src1) != (nullptr), actual: NULL vs (nullptr)

[  FAILED  ] MulScaleFunctionalTest.MulScale_8u_C1R_ExtremeValues (0 ms)
[ RUN      ] MulScaleFunctionalTest.MulScale_8u_C1IR_InPlace
cudaMallocPitch failed: an illegal memory access was encountered
cudaMallocPitch failed: an illegal memory access was encountered
/home/cjxu/npp/test/unit/nppi/nppi_arithmetic_operations/test_nppi_mulscale.cpp:229: Failure
Expected: (d_src) != (nullptr), actual: NULL vs (nullptr)

[  FAILED  ] MulScaleFunctionalTest.MulScale_8u_C1IR_InPlace (0 ms)
[ RUN      ] MulScaleFunctionalTest.MulScale_ErrorHandling
[       OK ] MulScaleFunctionalTest.MulScale_ErrorHandling (0 ms)
[ RUN      ] MulScaleFunctionalTest.MulScale_StreamContext
cudaMallocPitch failed: an illegal memory access was encountered
cudaMallocPitch failed: an illegal memory access was encountered
cudaMallocPitch failed: an illegal memory access was encountered
/home/cjxu/npp/test/unit/nppi/nppi_arithmetic_operations/test_nppi_mulscale.cpp:293: Failure
Expected: (d_src1) != (nullptr), actual: NULL vs (nullptr)

[  FAILED  ] MulScaleFunctionalTest.MulScale_StreamContext (0 ms)
[ RUN      ] MulScaleFunctionalTest.MulScale_16u_C1R_OverflowHandling
cudaMallocPitch failed: an illegal memory access was encountered
cudaMallocPitch failed: an illegal memory access was encountered
cudaMallocPitch failed: an illegal memory access was encountered
/home/cjxu/npp/test/unit/nppi/nppi_arithmetic_operations/test_nppi_mulscale.cpp:358: Failure
Expected: (d_src1) != (nullptr), actual: NULL vs (nullptr)

[  FAILED  ] MulScaleFunctionalTest.MulScale_16u_C1R_OverflowHandling (0 ms)
[----------] 7 tests from MulScaleFunctionalTest (8 ms total)

[----------] 7 tests from SqrFunctionalTest
[ RUN      ] SqrFunctionalTest.Sqr_8u_C1RSfs_BasicOperation
cudaMallocPitch failed: an illegal memory access was encountered
cudaMallocPitch failed: an illegal memory access was encountered
/home/cjxu/npp/test/unit/nppi/nppi_arithmetic_operations/test_nppi_sqr.cpp:40: Failure
Expected: (d_src) != (nullptr), actual: NULL vs (nullptr)

[  FAILED  ] SqrFunctionalTest.Sqr_8u_C1RSfs_BasicOperation (0 ms)
[ RUN      ] SqrFunctionalTest.Sqr_8u_C1RSfs_WithScaling
cudaMallocPitch failed: an illegal memory access was encountered
cudaMallocPitch failed: an illegal memory access was encountered
/home/cjxu/npp/test/unit/nppi/nppi_arithmetic_operations/test_nppi_sqr.cpp:94: Failure
Expected: (d_src) != (nullptr), actual: NULL vs (nullptr)

[  FAILED  ] SqrFunctionalTest.Sqr_8u_C1RSfs_WithScaling (0 ms)
[ RUN      ] SqrFunctionalTest.Sqr_32f_C1R_BasicOperation
cudaMallocPitch failed: an illegal memory access was encountered
cudaMallocPitch failed: an illegal memory access was encountered
/home/cjxu/npp/test/unit/nppi/nppi_arithmetic_operations/test_nppi_sqr.cpp:146: Failure
Expected: (d_src) != (nullptr), actual: NULL vs (nullptr)

[  FAILED  ] SqrFunctionalTest.Sqr_32f_C1R_BasicOperation (0 ms)
[ RUN      ] SqrFunctionalTest.Sqr_16s_C1RSfs_BasicOperation
cudaMallocPitch failed: an illegal memory access was encountered
cudaMallocPitch failed: an illegal memory access was encountered
/home/cjxu/npp/test/unit/nppi/nppi_arithmetic_operations/test_nppi_sqr.cpp:200: Failure
Expected: (d_src) != (nullptr), actual: NULL vs (nullptr)

[  FAILED  ] SqrFunctionalTest.Sqr_16s_C1RSfs_BasicOperation (0 ms)
[ RUN      ] SqrFunctionalTest.Sqr_32f_C1R_SpecialValues
cudaMallocPitch failed: an illegal memory access was encountered
cudaMallocPitch failed: an illegal memory access was encountered
/home/cjxu/npp/test/unit/nppi/nppi_arithmetic_operations/test_nppi_sqr.cpp:249: Failure
Expected: (d_src) != (nullptr), actual: NULL vs (nullptr)

[  FAILED  ] SqrFunctionalTest.Sqr_32f_C1R_SpecialValues (0 ms)
[ RUN      ] SqrFunctionalTest.Sqr_ErrorHandling
[       OK ] SqrFunctionalTest.Sqr_ErrorHandling (0 ms)
[ RUN      ] SqrFunctionalTest.Sqr_StreamContext
cudaMallocPitch failed: an illegal memory access was encountered
cudaMallocPitch failed: an illegal memory access was encountered
/home/cjxu/npp/test/unit/nppi/nppi_arithmetic_operations/test_nppi_sqr.cpp:301: Failure
Expected: (d_src) != (nullptr), actual: NULL vs (nullptr)

[  FAILED  ] SqrFunctionalTest.Sqr_StreamContext (0 ms)
[----------] 7 tests from SqrFunctionalTest (0 ms total)

[----------] 2 tests from SqrtFunctionalTest
[ RUN      ] SqrtFunctionalTest.Sqrt_8u_C1RSfs_BasicOperation
cudaMallocPitch failed: an illegal memory access was encountered
cudaMallocPitch failed: an illegal memory access was encountered
/home/cjxu/npp/test/unit/nppi/nppi_arithmetic_operations/test_nppi_sqrt.cpp:47: Failure
Expected: (d_src) != (nullptr), actual: NULL vs (nullptr)

[  FAILED  ] SqrtFunctionalTest.Sqrt_8u_C1RSfs_BasicOperation (0 ms)
[ DISABLED ] SqrtFunctionalTest.DISABLED_Sqrt_8u_C1RSfs_WithScaling
[ DISABLED ] SqrtFunctionalTest.DISABLED_Sqrt_32f_C1R_BasicOperation
[ DISABLED ] SqrtFunctionalTest.DISABLED_Sqrt_16s_C1RSfs_BasicOperation
[ DISABLED ] SqrtFunctionalTest.DISABLED_Sqrt_32f_C1R_SpecialValues
[ RUN      ] SqrtFunctionalTest.Sqrt_ErrorHandling
[       OK ] SqrtFunctionalTest.Sqrt_ErrorHandling (0 ms)
[ DISABLED ] SqrtFunctionalTest.DISABLED_Sqrt_StreamContext
[----------] 2 tests from SqrtFunctionalTest (0 ms total)

[----------] 2 tests from ColorConversionTest
[ RUN      ] ColorConversionTest.RGBToYUV_BasicColors
cudaMallocPitch failed: an illegal memory access was encountered
cudaMallocPitch failed: an illegal memory access was encountered
/home/cjxu/npp/test/unit/nppi/nppi_color_conversion_operations/test_nppi_color_conversion.cpp:19: Failure
Expected: (d_src) != (nullptr), actual: NULL vs (nullptr)
Failed to allocate src memory

[  FAILED  ] ColorConversionTest.RGBToYUV_BasicColors (0 ms)
[ RUN      ] ColorConversionTest.YUVToRGB_RoundTrip
cudaMallocPitch failed: an illegal memory access was encountered
cudaMallocPitch failed: an illegal memory access was encountered
/home/cjxu/npp/test/unit/nppi/nppi_color_conversion_operations/test_nppi_color_conversion.cpp:19: Failure
Expected: (d_src) != (nullptr), actual: NULL vs (nullptr)
Failed to allocate src memory

[  FAILED  ] ColorConversionTest.YUVToRGB_RoundTrip (0 ms)
[----------] 2 tests from ColorConversionTest (0 ms total)

[----------] 3 tests from ColorConversionParameterTest
[ RUN      ] ColorConversionParameterTest.NullPointerError
[       OK ] ColorConversionParameterTest.NullPointerError (0 ms)
[ RUN      ] ColorConversionParameterTest.InvalidSize
/home/cjxu/npp/test/unit/nppi/nppi_color_conversion_operations/test_nppi_color_conversion.cpp:179: Failure
Expected equality of these values:
  nppiRGBToYUV_8u_C3R(&dummy, step, &dummy, step, size)
    Which is: 0
  NPP_SIZE_ERROR
    Which is: -6

/home/cjxu/npp/test/unit/nppi/nppi_color_conversion_operations/test_nppi_color_conversion.cpp:184: Failure
Expected equality of these values:
  nppiYUVToRGB_8u_C3R(&dummy, step, &dummy, step, size)
    Which is: 0
  NPP_SIZE_ERROR
    Which is: -6

[  FAILED  ] ColorConversionParameterTest.InvalidSize (0 ms)
[ RUN      ] ColorConversionParameterTest.InvalidStep
[       OK ] ColorConversionParameterTest.InvalidStep (0 ms)
[----------] 3 tests from ColorConversionParameterTest (0 ms total)

[----------] 4 tests from NV12ToRGBTest
[ RUN      ] NV12ToRGBTest.BasicNV12ToRGB_8u_P2C3R
cudaMalloc failed: an illegal memory access was encountered
cudaMalloc failed: an illegal memory access was encountered
cudaMallocPitch failed: an illegal memory access was encountered
/home/cjxu/npp/test/unit/nppi/nppi_color_conversion_operations/test_nppi_nv12_rgb.cpp:69: Failure
Expected: (d_srcY) != (nullptr), actual: NULL vs (nullptr)

[  FAILED  ] NV12ToRGBTest.BasicNV12ToRGB_8u_P2C3R (0 ms)
[ RUN      ] NV12ToRGBTest.NV12ToRGB_709CSC_8u_P2C3R
cudaMalloc failed: an illegal memory access was encountered
cudaMalloc failed: an illegal memory access was encountered
cudaMallocPitch failed: an illegal memory access was encountered
/home/cjxu/npp/test/unit/nppi/nppi_color_conversion_operations/test_nppi_nv12_rgb.cpp:121: Failure
Expected: (d_srcY) != (nullptr), actual: NULL vs (nullptr)

[  FAILED  ] NV12ToRGBTest.NV12ToRGB_709CSC_8u_P2C3R (0 ms)
[ RUN      ] NV12ToRGBTest.NV12ToRGB_709HDTV_8u_P2C3R
cudaMalloc failed: an illegal memory access was encountered
cudaMalloc failed: an illegal memory access was encountered
cudaMallocPitch failed: an illegal memory access was encountered
/home/cjxu/npp/test/unit/nppi/nppi_color_conversion_operations/test_nppi_nv12_rgb.cpp:175: Failure
Expected: (d_srcY) != (nullptr), actual: NULL vs (nullptr)

[  FAILED  ] NV12ToRGBTest.NV12ToRGB_709HDTV_8u_P2C3R (0 ms)
[ RUN      ] NV12ToRGBTest.VariousImageSizes
cudaMalloc failed: an illegal memory access was encountered
cudaMalloc failed: an illegal memory access was encountered
cudaMallocPitch failed: an illegal memory access was encountered
/home/cjxu/npp/test/unit/nppi/nppi_color_conversion_operations/test_nppi_nv12_rgb.cpp:230: Skipped
Could not allocate GPU memory for 32x32

[  SKIPPED ] NV12ToRGBTest.VariousImageSizes (0 ms)
[----------] 4 tests from NV12ToRGBTest (0 ms total)

[----------] 3 tests from NV12ToRGBParameterTest
[ RUN      ] NV12ToRGBParameterTest.NullPointerError
